// Vitest Snapshot v1

exports[`getErc20AllowanceMulticall > should allow overwritting the value label 1`] = `"some label"`;

exports[`getErc20AllowanceMulticall > should match the call 1`] = `
{
  "call": [
    "allowance(address,address)(uint256)",
    "0xeeeeeeeeeeeeeeeeeeeeeeeeeeeeeeeeeeeeeeee",
    "0xffffffffffffffffffffffffffffffffffffffff",
  ],
  "label": "allowance",
  "target": "0xdddddddddddddddddddddddddddddddddddddddd",
}
`;
